// Jest Snapshot v1, https://goo.gl/fbAQLP

exports[`SelectableDropdown should render properly 1`] = `
Object {
  "asFragment": [Function],
  "baseElement": <body>
    <div>
      <div
        class=" css-2b097c-container"
      >
        <div
          class="select__control css-io5zd9-control"
        >
          <div
            class="select__value-container select__value-container--is-multi select__value-container--has-value css-g1d714-ValueContainer"
          >
            <div
              class="css-ya8gvn-multiValue select__multi-value"
            >
              <div
                class="css-12jo7m5 select__multi-value__label"
              >
                Très Facile
              </div>
              <div
                class="css-xb97g8 select__multi-value__remove"
              >
                <svg
                  aria-hidden="true"
                  class="css-6q0nyr-Svg"
                  focusable="false"
                  height="14"
                  viewBox="0 0 20 20"
                  width="14"
                >
                  <path
                    d="M14.348 14.849c-0.469 0.469-1.229 0.469-1.697 0l-2.651-3.030-2.651 3.029c-0.469 0.469-1.229 0.469-1.697 0-0.469-0.469-0.469-1.229 0-1.697l2.758-3.15-2.759-3.152c-0.469-0.469-0.469-1.228 0-1.697s1.228-0.469 1.697 0l2.652 3.031 2.651-3.031c0.469-0.469 1.228-0.469 1.697 0s0.469 1.229 0 1.697l-2.758 3.152 2.758 3.15c0.469 0.469 0.469 1.229 0 1.698z"
                  />
                </svg>
              </div>
            </div>
            <input
              aria-autocomplete="list"
              class="css-62g3xt-dummyInput"
              id="react-select-2-input"
              readonly=""
              tabindex="0"
              value=""
            />
          </div>
          <div
            class="select__indicators css-1hb7zxy-IndicatorsContainer"
          >
            <span
              class="select__indicator-separator css-1okebmr-indicatorSeparator"
            />
            <div
              aria-hidden="true"
              class="select__indicator select__dropdown-indicator css-tlfecz-indicatorContainer"
            >
              <svg
                aria-hidden="true"
                class="css-6q0nyr-Svg"
                focusable="false"
                height="20"
                viewBox="0 0 20 20"
                width="20"
              >
                <path
                  d="M4.516 7.548c0.436-0.446 1.043-0.481 1.576 0l3.908 3.747 3.908-3.747c0.533-0.481 1.141-0.446 1.574 0 0.436 0.445 0.408 1.197 0 1.615-0.406 0.418-4.695 4.502-4.695 4.502-0.217 0.223-0.502 0.335-0.787 0.335s-0.57-0.112-0.789-0.335c0 0-4.287-4.084-4.695-4.502s-0.436-1.17 0-1.615z"
                />
              </svg>
            </div>
          </div>
        </div>
        <div>
          <input
            name="activities"
            type="hidden"
            value="1"
          />
        </div>
      </div>
    </div>
  </body>,
  "container": <div>
    <div
      class=" css-2b097c-container"
    >
      <div
        class="select__control css-io5zd9-control"
      >
        <div
          class="select__value-container select__value-container--is-multi select__value-container--has-value css-g1d714-ValueContainer"
        >
          <div
            class="css-ya8gvn-multiValue select__multi-value"
          >
            <div
              class="css-12jo7m5 select__multi-value__label"
            >
              Très Facile
            </div>
            <div
              class="css-xb97g8 select__multi-value__remove"
            >
              <svg
                aria-hidden="true"
                class="css-6q0nyr-Svg"
                focusable="false"
                height="14"
                viewBox="0 0 20 20"
                width="14"
              >
                <path
                  d="M14.348 14.849c-0.469 0.469-1.229 0.469-1.697 0l-2.651-3.030-2.651 3.029c-0.469 0.469-1.229 0.469-1.697 0-0.469-0.469-0.469-1.229 0-1.697l2.758-3.15-2.759-3.152c-0.469-0.469-0.469-1.228 0-1.697s1.228-0.469 1.697 0l2.652 3.031 2.651-3.031c0.469-0.469 1.228-0.469 1.697 0s0.469 1.229 0 1.697l-2.758 3.152 2.758 3.15c0.469 0.469 0.469 1.229 0 1.698z"
                />
              </svg>
            </div>
          </div>
          <input
            aria-autocomplete="list"
            class="css-62g3xt-dummyInput"
            id="react-select-2-input"
            readonly=""
            tabindex="0"
            value=""
          />
        </div>
        <div
          class="select__indicators css-1hb7zxy-IndicatorsContainer"
        >
          <span
            class="select__indicator-separator css-1okebmr-indicatorSeparator"
          />
          <div
            aria-hidden="true"
            class="select__indicator select__dropdown-indicator css-tlfecz-indicatorContainer"
          >
            <svg
              aria-hidden="true"
              class="css-6q0nyr-Svg"
              focusable="false"
              height="20"
              viewBox="0 0 20 20"
              width="20"
            >
              <path
                d="M4.516 7.548c0.436-0.446 1.043-0.481 1.576 0l3.908 3.747 3.908-3.747c0.533-0.481 1.141-0.446 1.574 0 0.436 0.445 0.408 1.197 0 1.615-0.406 0.418-4.695 4.502-4.695 4.502-0.217 0.223-0.502 0.335-0.787 0.335s-0.57-0.112-0.789-0.335c0 0-4.287-4.084-4.695-4.502s-0.436-1.17 0-1.615z"
              />
            </svg>
          </div>
        </div>
      </div>
      <div>
        <input
          name="activities"
          type="hidden"
          value="1"
        />
      </div>
    </div>
  </div>,
  "debug": [Function],
  "findAllByAltText": [Function],
  "findAllByDisplayValue": [Function],
  "findAllByLabelText": [Function],
  "findAllByPlaceholderText": [Function],
  "findAllByRole": [Function],
  "findAllByTestId": [Function],
  "findAllByText": [Function],
  "findAllByTitle": [Function],
  "findByAltText": [Function],
  "findByDisplayValue": [Function],
  "findByLabelText": [Function],
  "findByPlaceholderText": [Function],
  "findByRole": [Function],
  "findByTestId": [Function],
  "findByText": [Function],
  "findByTitle": [Function],
  "getAllByAltText": [Function],
  "getAllByDisplayValue": [Function],
  "getAllByLabelText": [Function],
  "getAllByPlaceholderText": [Function],
  "getAllByRole": [Function],
  "getAllByTestId": [Function],
  "getAllByText": [Function],
  "getAllByTitle": [Function],
  "getByAltText": [Function],
  "getByDisplayValue": [Function],
  "getByLabelText": [Function],
  "getByPlaceholderText": [Function],
  "getByRole": [Function],
  "getByTestId": [Function],
  "getByText": [Function],
  "getByTitle": [Function],
  "queryAllByAltText": [Function],
  "queryAllByDisplayValue": [Function],
  "queryAllByLabelText": [Function],
  "queryAllByPlaceholderText": [Function],
  "queryAllByRole": [Function],
  "queryAllByTestId": [Function],
  "queryAllByText": [Function],
  "queryAllByTitle": [Function],
  "queryByAltText": [Function],
  "queryByDisplayValue": [Function],
  "queryByLabelText": [Function],
  "queryByPlaceholderText": [Function],
  "queryByRole": [Function],
  "queryByTestId": [Function],
  "queryByText": [Function],
  "queryByTitle": [Function],
  "rerender": [Function],
  "unmount": [Function],
}
`;
