// Jest Snapshot v1, https://goo.gl/fbAQLP

exports[`DetailsLabel should display a DetailsLabel 1`] = `
Object {
  "asFragment": [Function],
  "baseElement": <body>
    <div>
      <div
        class="py-4 desktop:py-5 px-3 desktop:px-4 flex items-start text-warning
      rounded-2xl border-2 border-solid border-warning
      "
        id="details_recommandationLabel"
      >
        <div
          class="mr-2 desktop:mr-3 flex-shrink-0 w-6 h-6 desktop:h-12 desktop:w-12"
        />
        <div
          class="text-greyDarkColored text-Mobile-C2 desktop:text-P1"
        >
          <div
            class="text-P1 desktop:text-H4 text-warning font-bold"
          >
            <div
              class="sc-bdfBQB hRTanl"
            >
              En coeur de parc
            </div>
          </div>
          <div
            class="sc-bdfBQB hRTanl"
          >
            Le Parc national est un territoire naturel, ouvert à tous, mais soumis à une réglementation qu’il est utile de connaître pour préparer son séjour
          </div>
        </div>
      </div>
    </div>
  </body>,
  "container": <div>
    <div
      class="py-4 desktop:py-5 px-3 desktop:px-4 flex items-start text-warning
      rounded-2xl border-2 border-solid border-warning
      "
      id="details_recommandationLabel"
    >
      <div
        class="mr-2 desktop:mr-3 flex-shrink-0 w-6 h-6 desktop:h-12 desktop:w-12"
      />
      <div
        class="text-greyDarkColored text-Mobile-C2 desktop:text-P1"
      >
        <div
          class="text-P1 desktop:text-H4 text-warning font-bold"
        >
          <div
            class="sc-bdfBQB hRTanl"
          >
            En coeur de parc
          </div>
        </div>
        <div
          class="sc-bdfBQB hRTanl"
        >
          Le Parc national est un territoire naturel, ouvert à tous, mais soumis à une réglementation qu’il est utile de connaître pour préparer son séjour
        </div>
      </div>
    </div>
  </div>,
  "debug": [Function],
  "findAllByAltText": [Function],
  "findAllByDisplayValue": [Function],
  "findAllByLabelText": [Function],
  "findAllByPlaceholderText": [Function],
  "findAllByRole": [Function],
  "findAllByTestId": [Function],
  "findAllByText": [Function],
  "findAllByTitle": [Function],
  "findByAltText": [Function],
  "findByDisplayValue": [Function],
  "findByLabelText": [Function],
  "findByPlaceholderText": [Function],
  "findByRole": [Function],
  "findByTestId": [Function],
  "findByText": [Function],
  "findByTitle": [Function],
  "getAllByAltText": [Function],
  "getAllByDisplayValue": [Function],
  "getAllByLabelText": [Function],
  "getAllByPlaceholderText": [Function],
  "getAllByRole": [Function],
  "getAllByTestId": [Function],
  "getAllByText": [Function],
  "getAllByTitle": [Function],
  "getByAltText": [Function],
  "getByDisplayValue": [Function],
  "getByLabelText": [Function],
  "getByPlaceholderText": [Function],
  "getByRole": [Function],
  "getByTestId": [Function],
  "getByText": [Function],
  "getByTitle": [Function],
  "queryAllByAltText": [Function],
  "queryAllByDisplayValue": [Function],
  "queryAllByLabelText": [Function],
  "queryAllByPlaceholderText": [Function],
  "queryAllByRole": [Function],
  "queryAllByTestId": [Function],
  "queryAllByText": [Function],
  "queryAllByTitle": [Function],
  "queryByAltText": [Function],
  "queryByDisplayValue": [Function],
  "queryByLabelText": [Function],
  "queryByPlaceholderText": [Function],
  "queryByRole": [Function],
  "queryByTestId": [Function],
  "queryByText": [Function],
  "queryByTitle": [Function],
  "rerender": [Function],
  "unmount": [Function],
}
`;
