// Jest Snapshot v1, https://goo.gl/fbAQLP

exports[`DetailsSensitiveArea should display a DetailsSensitiveArea 1`] = `
Object {
  "asFragment": [Function],
  "baseElement": <body>
    <div>
      <div
        id="details_sensitiveArea"
      >
        <div
          class="flex items-center space-x-2"
          id="details_sensitiveAreaTitle"
        >
          <div
            class="sc-dlfnuX dDiEiS"
            color="#AAAAA"
          />
          <span
            class="font-bold text-H4 space-y-2"
          >
            Zone sensible de test
          </span>
        </div>
        <div
          class="mt-1 desktop:mt-2"
        >
          <div
            class="sc-gsTEea dPWxIN"
          >
            <p>
              Cette zone est très sensible
            </p>
          </div>
        </div>
        <div
          class="mt-1 desktop:mt-2"
        >
          <div
            class="font-bold"
          >
            Domaines d'activités concernés :
          </div>
          <div>
            Terrestre, Aquatique
          </div>
        </div>
        <div
          class="mt-1 desktop:mt-2"
        >
          <div
            class="font-bold"
          >
            Périodes de sensibilité :
          </div>
          <div>
            <span
              class="mr-2"
            >
              janv.
            </span>
            <span
              class="mr-2"
            >
              févr.
            </span>
          </div>
        </div>
        <div
          class="mt-1 desktop:mt-2"
        >
          <div
            class="font-bold"
          >
            Contact :
          </div>
          <div
            class="sc-gsTEea dPWxIN"
          >
            <h2>
              Une personne a contacter
            </h2>
          </div>
        </div>
        <div
          class="mt-1 desktop:mt-2"
        >
          <a
            class="sc-bdfBQB btWAAI"
            href="http://ensavoirplusici.com"
          >
            En savoir plus
          </a>
        </div>
      </div>
    </div>
  </body>,
  "container": <div>
    <div
      id="details_sensitiveArea"
    >
      <div
        class="flex items-center space-x-2"
        id="details_sensitiveAreaTitle"
      >
        <div
          class="sc-dlfnuX dDiEiS"
          color="#AAAAA"
        />
        <span
          class="font-bold text-H4 space-y-2"
        >
          Zone sensible de test
        </span>
      </div>
      <div
        class="mt-1 desktop:mt-2"
      >
        <div
          class="sc-gsTEea dPWxIN"
        >
          <p>
            Cette zone est très sensible
          </p>
        </div>
      </div>
      <div
        class="mt-1 desktop:mt-2"
      >
        <div
          class="font-bold"
        >
          Domaines d'activités concernés :
        </div>
        <div>
          Terrestre, Aquatique
        </div>
      </div>
      <div
        class="mt-1 desktop:mt-2"
      >
        <div
          class="font-bold"
        >
          Périodes de sensibilité :
        </div>
        <div>
          <span
            class="mr-2"
          >
            janv.
          </span>
          <span
            class="mr-2"
          >
            févr.
          </span>
        </div>
      </div>
      <div
        class="mt-1 desktop:mt-2"
      >
        <div
          class="font-bold"
        >
          Contact :
        </div>
        <div
          class="sc-gsTEea dPWxIN"
        >
          <h2>
            Une personne a contacter
          </h2>
        </div>
      </div>
      <div
        class="mt-1 desktop:mt-2"
      >
        <a
          class="sc-bdfBQB btWAAI"
          href="http://ensavoirplusici.com"
        >
          En savoir plus
        </a>
      </div>
    </div>
  </div>,
  "debug": [Function],
  "findAllByAltText": [Function],
  "findAllByDisplayValue": [Function],
  "findAllByLabelText": [Function],
  "findAllByPlaceholderText": [Function],
  "findAllByRole": [Function],
  "findAllByTestId": [Function],
  "findAllByText": [Function],
  "findAllByTitle": [Function],
  "findByAltText": [Function],
  "findByDisplayValue": [Function],
  "findByLabelText": [Function],
  "findByPlaceholderText": [Function],
  "findByRole": [Function],
  "findByTestId": [Function],
  "findByText": [Function],
  "findByTitle": [Function],
  "getAllByAltText": [Function],
  "getAllByDisplayValue": [Function],
  "getAllByLabelText": [Function],
  "getAllByPlaceholderText": [Function],
  "getAllByRole": [Function],
  "getAllByTestId": [Function],
  "getAllByText": [Function],
  "getAllByTitle": [Function],
  "getByAltText": [Function],
  "getByDisplayValue": [Function],
  "getByLabelText": [Function],
  "getByPlaceholderText": [Function],
  "getByRole": [Function],
  "getByTestId": [Function],
  "getByText": [Function],
  "getByTitle": [Function],
  "queryAllByAltText": [Function],
  "queryAllByDisplayValue": [Function],
  "queryAllByLabelText": [Function],
  "queryAllByPlaceholderText": [Function],
  "queryAllByRole": [Function],
  "queryAllByTestId": [Function],
  "queryAllByText": [Function],
  "queryAllByTitle": [Function],
  "queryByAltText": [Function],
  "queryByDisplayValue": [Function],
  "queryByLabelText": [Function],
  "queryByPlaceholderText": [Function],
  "queryByRole": [Function],
  "queryByTestId": [Function],
  "queryByText": [Function],
  "queryByTitle": [Function],
  "rerender": [Function],
  "unmount": [Function],
}
`;
