// Jest Snapshot v1, https://goo.gl/fbAQLP

exports[`DetailsCard should display a well parsed description Element 1`] = `
Object {
  "asFragment": [Function],
  "baseElement": <body>
    <div>
      <div
        class="DetailsCard__DetailsCardContainer-sc-1paweiv-0 jZvBUu border border-solid border-greySoft rounded-card
      flex-none overflow-hidden relative
      flex flex-col h-auto desktop:flex-row desktop:w-auto mx-1
      cursor-pointer hover:border-blackSemiTransparent transition-all duration-500
      "
        height="200"
      >
        <div
          class="flex-none desktop:w-2/5"
        >
          <div
            style="background-color: white; position: relative;"
          >
            <div
              style="display: flex; align-items: center; justify-content: center; width: 100%; height: 100%;"
            >
              <div
                style="width: 100%; height: 100%;"
              >
                <div
                  class="slick-slider Carousel__StyledSlider-sc-1tck7ng-0 iyRBSY slick-initialized"
                >
                  
                  <div
                    class="slick-list"
                  >
                    <div
                      class="slick-track"
                      style="opacity: 1; transform: translate3d(0px, 0px, 0px);"
                    >
                      <div
                        aria-hidden="false"
                        class="slick-slide slick-active slick-current"
                        data-index="0"
                        style="outline: none; width: 0px;"
                        tabindex="-1"
                      >
                        <div>
                          <img
                            class="DetailsCard__CardSingleImage-sc-1paweiv-1 fzeiag"
                            height="200"
                            src="https://cdn.pixabay.com/photo/2017/06/29/18/40/background-2455710_1280.jpg"
                            style="width: 100%; display: inline-block;"
                            tabindex="-1"
                          />
                        </div>
                      </div>
                    </div>
                  </div>
                  
                  
                </div>
              </div>
            </div>
          </div>
          <div
            class="CardIcon__Wrapper-sc-cv6h96-0 iuMpeF absolute top-4 left-4 h-8 flex items-center w-auto rounded-full shadow-sm text-white border-2 border-white border-solid"
            color="#AA397D"
          >
            <div
              class="CardIcon__Label-sc-cv6h96-1 ddMeYP"
            >
              <div />
            </div>
          </div>
        </div>
        <div
          class="flex flex-col relative
        p-2 desktop:p-6 desktop:my-auto"
        >
          <p
            class="text-Mobile-C1 desktop:text-H4 text-primary1 font-bold"
          >
            Église St Louis
          </p>
          <div
            class="mt-1 desktop:mt-4 flex flex-col desktop:flex-row desktop:items-end text-Mobile-C2 desktop:text-P1 text-greyDarkColored"
          >
            <div
              class="utils__HtmlText-sc-16l79i-0 DetailsCard__TruncatedHtmlText-sc-1paweiv-2 jgscmn ewDPit text-greyDarkColored"
            >
              <span>
                Pour espérer apercevoir cet oiseau, partir la nuit au printemps, parcourir un grand dénivelé afin d'arriver sur son terrain de prédilection à plus de 2000 m voire 3000 m d'altitude avant le lever du jour et là, entendre le chant guttural caractéristique qui trahit sa présence. Mais pour le voir, il faudra bien ouvrir les yeux ou se munir d'une paire de jumelles. Et alors là, quel bonheur ! Le lagopède alpin est l'espèce arctique par excellence, menacée entre autre par le réchauffement climatique. Il fait partie des espèces à protéger dans le cœur du Parc national des Ecrins.
              </span>
            </div>
            <span
              class="text-primary1 underline cursor-pointer flex-shrink-0 desktop:ml-1"
            >
              lire la suite
            </span>
          </div>
        </div>
      </div>
    </div>
  </body>,
  "container": <div>
    <div
      class="DetailsCard__DetailsCardContainer-sc-1paweiv-0 jZvBUu border border-solid border-greySoft rounded-card
      flex-none overflow-hidden relative
      flex flex-col h-auto desktop:flex-row desktop:w-auto mx-1
      cursor-pointer hover:border-blackSemiTransparent transition-all duration-500
      "
      height="200"
    >
      <div
        class="flex-none desktop:w-2/5"
      >
        <div
          style="background-color: white; position: relative;"
        >
          <div
            style="display: flex; align-items: center; justify-content: center; width: 100%; height: 100%;"
          >
            <div
              style="width: 100%; height: 100%;"
            >
              <div
                class="slick-slider Carousel__StyledSlider-sc-1tck7ng-0 iyRBSY slick-initialized"
              >
                
                <div
                  class="slick-list"
                >
                  <div
                    class="slick-track"
                    style="opacity: 1; transform: translate3d(0px, 0px, 0px);"
                  >
                    <div
                      aria-hidden="false"
                      class="slick-slide slick-active slick-current"
                      data-index="0"
                      style="outline: none; width: 0px;"
                      tabindex="-1"
                    >
                      <div>
                        <img
                          class="DetailsCard__CardSingleImage-sc-1paweiv-1 fzeiag"
                          height="200"
                          src="https://cdn.pixabay.com/photo/2017/06/29/18/40/background-2455710_1280.jpg"
                          style="width: 100%; display: inline-block;"
                          tabindex="-1"
                        />
                      </div>
                    </div>
                  </div>
                </div>
                
                
              </div>
            </div>
          </div>
        </div>
        <div
          class="CardIcon__Wrapper-sc-cv6h96-0 iuMpeF absolute top-4 left-4 h-8 flex items-center w-auto rounded-full shadow-sm text-white border-2 border-white border-solid"
          color="#AA397D"
        >
          <div
            class="CardIcon__Label-sc-cv6h96-1 ddMeYP"
          >
            <div />
          </div>
        </div>
      </div>
      <div
        class="flex flex-col relative
        p-2 desktop:p-6 desktop:my-auto"
      >
        <p
          class="text-Mobile-C1 desktop:text-H4 text-primary1 font-bold"
        >
          Église St Louis
        </p>
        <div
          class="mt-1 desktop:mt-4 flex flex-col desktop:flex-row desktop:items-end text-Mobile-C2 desktop:text-P1 text-greyDarkColored"
        >
          <div
            class="utils__HtmlText-sc-16l79i-0 DetailsCard__TruncatedHtmlText-sc-1paweiv-2 jgscmn ewDPit text-greyDarkColored"
          >
            <span>
              Pour espérer apercevoir cet oiseau, partir la nuit au printemps, parcourir un grand dénivelé afin d'arriver sur son terrain de prédilection à plus de 2000 m voire 3000 m d'altitude avant le lever du jour et là, entendre le chant guttural caractéristique qui trahit sa présence. Mais pour le voir, il faudra bien ouvrir les yeux ou se munir d'une paire de jumelles. Et alors là, quel bonheur ! Le lagopède alpin est l'espèce arctique par excellence, menacée entre autre par le réchauffement climatique. Il fait partie des espèces à protéger dans le cœur du Parc national des Ecrins.
            </span>
          </div>
          <span
            class="text-primary1 underline cursor-pointer flex-shrink-0 desktop:ml-1"
          >
            lire la suite
          </span>
        </div>
      </div>
    </div>
  </div>,
  "debug": [Function],
  "findAllByAltText": [Function],
  "findAllByDisplayValue": [Function],
  "findAllByLabelText": [Function],
  "findAllByPlaceholderText": [Function],
  "findAllByRole": [Function],
  "findAllByTestId": [Function],
  "findAllByText": [Function],
  "findAllByTitle": [Function],
  "findByAltText": [Function],
  "findByDisplayValue": [Function],
  "findByLabelText": [Function],
  "findByPlaceholderText": [Function],
  "findByRole": [Function],
  "findByTestId": [Function],
  "findByText": [Function],
  "findByTitle": [Function],
  "getAllByAltText": [Function],
  "getAllByDisplayValue": [Function],
  "getAllByLabelText": [Function],
  "getAllByPlaceholderText": [Function],
  "getAllByRole": [Function],
  "getAllByTestId": [Function],
  "getAllByText": [Function],
  "getAllByTitle": [Function],
  "getByAltText": [Function],
  "getByDisplayValue": [Function],
  "getByLabelText": [Function],
  "getByPlaceholderText": [Function],
  "getByRole": [Function],
  "getByTestId": [Function],
  "getByText": [Function],
  "getByTitle": [Function],
  "queryAllByAltText": [Function],
  "queryAllByDisplayValue": [Function],
  "queryAllByLabelText": [Function],
  "queryAllByPlaceholderText": [Function],
  "queryAllByRole": [Function],
  "queryAllByTestId": [Function],
  "queryAllByText": [Function],
  "queryAllByTitle": [Function],
  "queryByAltText": [Function],
  "queryByDisplayValue": [Function],
  "queryByLabelText": [Function],
  "queryByPlaceholderText": [Function],
  "queryByRole": [Function],
  "queryByTestId": [Function],
  "queryByText": [Function],
  "queryByTitle": [Function],
  "rerender": [Function],
  "unmount": [Function],
}
`;
