// Jest Snapshot v1, https://goo.gl/fbAQLP

exports[`Results Card AAU, I can see a ResultCard 1`] = `
Object {
  "asFragment": [Function],
  "baseElement": <body>
    <div>
      <div
        class="ResultCard__Container-sc-1bem01n-0 jBsKrk"
        id="result_card"
      >
        <div
          style="background-color: white; position: relative;"
        >
          <div
            style="display: flex; align-items: center; justify-content: center; width: 100%; height: 100%;"
          >
            <div
              style="width: 100%; height: 100%;"
            >
              <div
                class="ResultCardCarousel__Wrapper-sc-13vjoai-0 botBuK h-full w-full flex-shrink-0 relative desktop:w-resultCardDesktop"
              >
                <div
                  class="slick-slider Carousel__StyledSlider-sc-1tck7ng-0 iyRBSY slick-initialized"
                >
                  
                  <div
                    class="slick-list"
                  >
                    <div
                      class="slick-track"
                      style="opacity: 1; transform: translate3d(0px, 0px, 0px);"
                    >
                      <div
                        aria-hidden="false"
                        class="slick-slide slick-active slick-current"
                        data-index="0"
                        style="outline: none; width: 0px;"
                        tabindex="-1"
                      >
                        <div>
                          <div
                            class="relative h-full"
                            style="width: 100%; display: inline-block;"
                            tabindex="-1"
                          >
                            <img
                              alt=""
                              class="object-cover object-top w-full h-full"
                              src=""
                            />
                          </div>
                        </div>
                      </div>
                    </div>
                  </div>
                  
                  
                </div>
              </div>
            </div>
          </div>
        </div>
        <a
          class="Link__StyledLink-sc-oanbk8-0 htOOkH w-full min-h-0"
          data-testid="Link-ResultCard-2"
          href="/details-2-Balade-au-pays-des-menhirs"
        >
          <div
            class="ResultCard__DetailsContainer-sc-1bem01n-1 bUWpDM"
          >
            <div
              class="ResultCard__DetailsLayout-sc-1bem01n-2 gISiYd"
            >
              <span
                class="ResultCard__Place-sc-1bem01n-4 eJvZwY"
              >
                Saint-Etienne-du-Valdonnez
              </span>
              <span
                class="ResultCard__Title-sc-1bem01n-5 eBIDws"
              >
                Balade au pays des menhirs
              </span>
              <div
                class="ResultCard__TagContainer-sc-1bem01n-6 dhDoMi"
              >
                <div
                  class="ResultCard__TagLayout-sc-1bem01n-7 beobHM"
                >
                  <div
                    class="Chip__ChipContainer-sc-1wajafu-0 iTEhJ"
                  >
                    <span>
                      En famille
                    </span>
                  </div>
                  <div
                    class="Chip__ChipContainer-sc-1wajafu-0 iTEhJ"
                  >
                    <span>
                      Ciel étoilé
                    </span>
                  </div>
                  <div
                    class="Chip__ChipContainer-sc-1wajafu-0 iTEhJ"
                  >
                    <span>
                      Beau paysage
                    </span>
                  </div>
                </div>
              </div>
              <div
                class="ResultCard__InformationContainer-sc-1bem01n-8 fxwsCG"
              >
                <div
                  class="ResultCard__InformationLayout-sc-1bem01n-9 cgxEzg"
                >
                  <div
                    class="flex items-center text-primary1  "
                  >
                    <img
                      class="object-cover object-center w-6 h-6"
                      src=""
                    />
                    <span
                      class="BaseInformation__InformationText-sc-1yqfii-0 bHCUEa"
                    />
                  </div>
                  <div
                    class="flex items-center text-primary1  "
                  >
                    <svg
                      fill="none"
                      height="24"
                      viewBox="0 0 24 24"
                      width="24"
                      xmlns="http://www.w3.org/2000/svg"
                    >
                      <path
                        clip-rule="evenodd"
                        d="M12 22c5.523 0 10-4.477 10-10S17.523 2 12 2 2 6.477 2 12s4.477 10 10 10z"
                        stroke="currentColor"
                        stroke-linecap="round"
                        stroke-linejoin="round"
                        stroke-width="2"
                      />
                      <path
                        d="M12 6v6l4 2"
                        stroke="currentColor"
                        stroke-linecap="round"
                        stroke-linejoin="round"
                        stroke-width="2"
                      />
                    </svg>
                    <span
                      class="BaseInformation__InformationText-sc-1yqfii-0 bHCUEa"
                    >
                      2h
                    </span>
                  </div>
                  <div
                    class="flex items-center text-primary1  "
                  >
                    <svg
                      fill="none"
                      height="24"
                      viewBox="0 0 24 25"
                      width="24"
                      xmlns="http://www.w3.org/2000/svg"
                    >
                      <path
                        d="M16 18l6-6-6-6M8 6l-6 6 6 6"
                        stroke="currentColor"
                        stroke-linecap="round"
                        stroke-linejoin="round"
                        stroke-width="2"
                      />
                    </svg>
                    <span
                      class="BaseInformation__InformationText-sc-1yqfii-0 bHCUEa"
                    >
                      5km
                    </span>
                  </div>
                  <div
                    class="flex items-center text-primary1 desktop:flex hidden "
                  >
                    <svg
                      fill="none"
                      height="24"
                      viewBox="0 0 24 25"
                      width="24"
                      xmlns="http://www.w3.org/2000/svg"
                    >
                      <path
                        d="M23 6l-9.5 9.5-5-5L1 18"
                        stroke="currentColor"
                        stroke-linecap="round"
                        stroke-linejoin="round"
                        stroke-width="2"
                      />
                      <path
                        d="M17 6h6v6"
                        stroke="currentColor"
                        stroke-linecap="round"
                        stroke-linejoin="round"
                        stroke-width="2"
                      />
                    </svg>
                    <span
                      class="BaseInformation__InformationText-sc-1yqfii-0 bHCUEa"
                    >
                      +360m
                    </span>
                  </div>
                </div>
              </div>
            </div>
          </div>
        </a>
      </div>
    </div>
  </body>,
  "container": <div>
    <div
      class="ResultCard__Container-sc-1bem01n-0 jBsKrk"
      id="result_card"
    >
      <div
        style="background-color: white; position: relative;"
      >
        <div
          style="display: flex; align-items: center; justify-content: center; width: 100%; height: 100%;"
        >
          <div
            style="width: 100%; height: 100%;"
          >
            <div
              class="ResultCardCarousel__Wrapper-sc-13vjoai-0 botBuK h-full w-full flex-shrink-0 relative desktop:w-resultCardDesktop"
            >
              <div
                class="slick-slider Carousel__StyledSlider-sc-1tck7ng-0 iyRBSY slick-initialized"
              >
                
                <div
                  class="slick-list"
                >
                  <div
                    class="slick-track"
                    style="opacity: 1; transform: translate3d(0px, 0px, 0px);"
                  >
                    <div
                      aria-hidden="false"
                      class="slick-slide slick-active slick-current"
                      data-index="0"
                      style="outline: none; width: 0px;"
                      tabindex="-1"
                    >
                      <div>
                        <div
                          class="relative h-full"
                          style="width: 100%; display: inline-block;"
                          tabindex="-1"
                        >
                          <img
                            alt=""
                            class="object-cover object-top w-full h-full"
                            src=""
                          />
                        </div>
                      </div>
                    </div>
                  </div>
                </div>
                
                
              </div>
            </div>
          </div>
        </div>
      </div>
      <a
        class="Link__StyledLink-sc-oanbk8-0 htOOkH w-full min-h-0"
        data-testid="Link-ResultCard-2"
        href="/details-2-Balade-au-pays-des-menhirs"
      >
        <div
          class="ResultCard__DetailsContainer-sc-1bem01n-1 bUWpDM"
        >
          <div
            class="ResultCard__DetailsLayout-sc-1bem01n-2 gISiYd"
          >
            <span
              class="ResultCard__Place-sc-1bem01n-4 eJvZwY"
            >
              Saint-Etienne-du-Valdonnez
            </span>
            <span
              class="ResultCard__Title-sc-1bem01n-5 eBIDws"
            >
              Balade au pays des menhirs
            </span>
            <div
              class="ResultCard__TagContainer-sc-1bem01n-6 dhDoMi"
            >
              <div
                class="ResultCard__TagLayout-sc-1bem01n-7 beobHM"
              >
                <div
                  class="Chip__ChipContainer-sc-1wajafu-0 iTEhJ"
                >
                  <span>
                    En famille
                  </span>
                </div>
                <div
                  class="Chip__ChipContainer-sc-1wajafu-0 iTEhJ"
                >
                  <span>
                    Ciel étoilé
                  </span>
                </div>
                <div
                  class="Chip__ChipContainer-sc-1wajafu-0 iTEhJ"
                >
                  <span>
                    Beau paysage
                  </span>
                </div>
              </div>
            </div>
            <div
              class="ResultCard__InformationContainer-sc-1bem01n-8 fxwsCG"
            >
              <div
                class="ResultCard__InformationLayout-sc-1bem01n-9 cgxEzg"
              >
                <div
                  class="flex items-center text-primary1  "
                >
                  <img
                    class="object-cover object-center w-6 h-6"
                    src=""
                  />
                  <span
                    class="BaseInformation__InformationText-sc-1yqfii-0 bHCUEa"
                  />
                </div>
                <div
                  class="flex items-center text-primary1  "
                >
                  <svg
                    fill="none"
                    height="24"
                    viewBox="0 0 24 24"
                    width="24"
                    xmlns="http://www.w3.org/2000/svg"
                  >
                    <path
                      clip-rule="evenodd"
                      d="M12 22c5.523 0 10-4.477 10-10S17.523 2 12 2 2 6.477 2 12s4.477 10 10 10z"
                      stroke="currentColor"
                      stroke-linecap="round"
                      stroke-linejoin="round"
                      stroke-width="2"
                    />
                    <path
                      d="M12 6v6l4 2"
                      stroke="currentColor"
                      stroke-linecap="round"
                      stroke-linejoin="round"
                      stroke-width="2"
                    />
                  </svg>
                  <span
                    class="BaseInformation__InformationText-sc-1yqfii-0 bHCUEa"
                  >
                    2h
                  </span>
                </div>
                <div
                  class="flex items-center text-primary1  "
                >
                  <svg
                    fill="none"
                    height="24"
                    viewBox="0 0 24 25"
                    width="24"
                    xmlns="http://www.w3.org/2000/svg"
                  >
                    <path
                      d="M16 18l6-6-6-6M8 6l-6 6 6 6"
                      stroke="currentColor"
                      stroke-linecap="round"
                      stroke-linejoin="round"
                      stroke-width="2"
                    />
                  </svg>
                  <span
                    class="BaseInformation__InformationText-sc-1yqfii-0 bHCUEa"
                  >
                    5km
                  </span>
                </div>
                <div
                  class="flex items-center text-primary1 desktop:flex hidden "
                >
                  <svg
                    fill="none"
                    height="24"
                    viewBox="0 0 24 25"
                    width="24"
                    xmlns="http://www.w3.org/2000/svg"
                  >
                    <path
                      d="M23 6l-9.5 9.5-5-5L1 18"
                      stroke="currentColor"
                      stroke-linecap="round"
                      stroke-linejoin="round"
                      stroke-width="2"
                    />
                    <path
                      d="M17 6h6v6"
                      stroke="currentColor"
                      stroke-linecap="round"
                      stroke-linejoin="round"
                      stroke-width="2"
                    />
                  </svg>
                  <span
                    class="BaseInformation__InformationText-sc-1yqfii-0 bHCUEa"
                  >
                    +360m
                  </span>
                </div>
              </div>
            </div>
          </div>
        </div>
      </a>
    </div>
  </div>,
  "debug": [Function],
  "findAllByAltText": [Function],
  "findAllByDisplayValue": [Function],
  "findAllByLabelText": [Function],
  "findAllByPlaceholderText": [Function],
  "findAllByRole": [Function],
  "findAllByTestId": [Function],
  "findAllByText": [Function],
  "findAllByTitle": [Function],
  "findByAltText": [Function],
  "findByDisplayValue": [Function],
  "findByLabelText": [Function],
  "findByPlaceholderText": [Function],
  "findByRole": [Function],
  "findByTestId": [Function],
  "findByText": [Function],
  "findByTitle": [Function],
  "getAllByAltText": [Function],
  "getAllByDisplayValue": [Function],
  "getAllByLabelText": [Function],
  "getAllByPlaceholderText": [Function],
  "getAllByRole": [Function],
  "getAllByTestId": [Function],
  "getAllByText": [Function],
  "getAllByTitle": [Function],
  "getByAltText": [Function],
  "getByDisplayValue": [Function],
  "getByLabelText": [Function],
  "getByPlaceholderText": [Function],
  "getByRole": [Function],
  "getByTestId": [Function],
  "getByText": [Function],
  "getByTitle": [Function],
  "queryAllByAltText": [Function],
  "queryAllByDisplayValue": [Function],
  "queryAllByLabelText": [Function],
  "queryAllByPlaceholderText": [Function],
  "queryAllByRole": [Function],
  "queryAllByTestId": [Function],
  "queryAllByText": [Function],
  "queryAllByTitle": [Function],
  "queryByAltText": [Function],
  "queryByDisplayValue": [Function],
  "queryByLabelText": [Function],
  "queryByPlaceholderText": [Function],
  "queryByRole": [Function],
  "queryByTestId": [Function],
  "queryByText": [Function],
  "queryByTitle": [Function],
  "rerender": [Function],
  "unmount": [Function],
}
`;
