// Jest Snapshot v1, https://goo.gl/fbAQLP

exports[`Header EEU I see header in mobile version 1`] = `
Object {
  "asFragment": [Function],
  "baseElement": <body>
    <div>
      <header
        class="Header__HeaderContainer-sc-1nln36f-0 cmRPVk"
      >
        <img
          alt="logo"
          class="Header__Logo-sc-1nln36f-2 jxWfSO"
          src="./logo.png"
        />
        <h1
          class="Header__Title-sc-1nln36f-1 ckwSLs"
        >
          home.title
        </h1>
        <svg
          class="Header__Icon-sc-1nln36f-3"
          fill="none"
          height="24"
          viewBox="0 0 24 25"
          width="24"
          xmlns="http://www.w3.org/2000/svg"
        >
          <path
            d="M3 12h18M3 6h18M3 18h18"
            stroke="white"
            stroke-linecap="round"
            stroke-linejoin="round"
            stroke-width="2"
          />
        </svg>
      </header>
    </div>
  </body>,
  "container": <div>
    <header
      class="Header__HeaderContainer-sc-1nln36f-0 cmRPVk"
    >
      <img
        alt="logo"
        class="Header__Logo-sc-1nln36f-2 jxWfSO"
        src="./logo.png"
      />
      <h1
        class="Header__Title-sc-1nln36f-1 ckwSLs"
      >
        home.title
      </h1>
      <svg
        class="Header__Icon-sc-1nln36f-3"
        fill="none"
        height="24"
        viewBox="0 0 24 25"
        width="24"
        xmlns="http://www.w3.org/2000/svg"
      >
        <path
          d="M3 12h18M3 6h18M3 18h18"
          stroke="white"
          stroke-linecap="round"
          stroke-linejoin="round"
          stroke-width="2"
        />
      </svg>
    </header>
  </div>,
  "debug": [Function],
  "findAllByAltText": [Function],
  "findAllByDisplayValue": [Function],
  "findAllByLabelText": [Function],
  "findAllByPlaceholderText": [Function],
  "findAllByRole": [Function],
  "findAllByTestId": [Function],
  "findAllByText": [Function],
  "findAllByTitle": [Function],
  "findByAltText": [Function],
  "findByDisplayValue": [Function],
  "findByLabelText": [Function],
  "findByPlaceholderText": [Function],
  "findByRole": [Function],
  "findByTestId": [Function],
  "findByText": [Function],
  "findByTitle": [Function],
  "getAllByAltText": [Function],
  "getAllByDisplayValue": [Function],
  "getAllByLabelText": [Function],
  "getAllByPlaceholderText": [Function],
  "getAllByRole": [Function],
  "getAllByTestId": [Function],
  "getAllByText": [Function],
  "getAllByTitle": [Function],
  "getByAltText": [Function],
  "getByDisplayValue": [Function],
  "getByLabelText": [Function],
  "getByPlaceholderText": [Function],
  "getByRole": [Function],
  "getByTestId": [Function],
  "getByText": [Function],
  "getByTitle": [Function],
  "queryAllByAltText": [Function],
  "queryAllByDisplayValue": [Function],
  "queryAllByLabelText": [Function],
  "queryAllByPlaceholderText": [Function],
  "queryAllByRole": [Function],
  "queryAllByTestId": [Function],
  "queryAllByText": [Function],
  "queryAllByTitle": [Function],
  "queryByAltText": [Function],
  "queryByDisplayValue": [Function],
  "queryByLabelText": [Function],
  "queryByPlaceholderText": [Function],
  "queryByRole": [Function],
  "queryByTestId": [Function],
  "queryByText": [Function],
  "queryByTitle": [Function],
  "rerender": [Function],
  "unmount": [Function],
}
`;
