// Jest Snapshot v1, https://goo.gl/fbAQLP

exports[`DetailsDescription should display a well parsed description Element 1`] = `
Object {
  "asFragment": [Function],
  "baseElement": <body>
    <div>
      <div
        class="flex flex-col
      pt-6 desktop:pt-12
      border-solid border-greySoft border-b
      "
        id="details_description"
      >
        <p
          class="text-Mobile-H1 desktop:text-H2 font-bold"
          id="details_descriptionTitle"
        >
          Description
        </p>
        <div
          class="mt-3 desktop:mt-4 mb-6 desktop:mb-12"
          id="details_descriptionContent"
        >
          <div
            class="sc-bdfBQB sc-gsTEea hRTanl vdYaW"
          >
            <p>
              Du parking remonter la vallée du Sélé par le sentier qui suit la rive gauche du torrent de Celse Nière. Après une longue montée en faux plat, le sentier remonte des lacets raides jusqu'à la jonction avec le sentier du refuge du Sélé (1993 m).
            </p>
            

            <ol>
              

              <li>
                Prendre à droite le sentier du refuge du Pelvoux qui serpente au milieu des éboulis et de petites barres rocheuses, puis se poursuit en lacets dans des pentes d'herbe et de rochers peu inclinées. Le refuge est invisible jusqu'à l'arrivée mais l'approche est signalée par des cairns (tas de pierres).
              </li>
              

              <li>
                Emprunter le même itinéraire en sens inverse pour le retour.
              </li>
              

            </ol>
            <br />
            Et ensuite vous êtes arrivés ! ;-)
            <br />
            Sympa ce petit tour, non ?
          </div>
        </div>
      </div>
    </div>
  </body>,
  "container": <div>
    <div
      class="flex flex-col
      pt-6 desktop:pt-12
      border-solid border-greySoft border-b
      "
      id="details_description"
    >
      <p
        class="text-Mobile-H1 desktop:text-H2 font-bold"
        id="details_descriptionTitle"
      >
        Description
      </p>
      <div
        class="mt-3 desktop:mt-4 mb-6 desktop:mb-12"
        id="details_descriptionContent"
      >
        <div
          class="sc-bdfBQB sc-gsTEea hRTanl vdYaW"
        >
          <p>
            Du parking remonter la vallée du Sélé par le sentier qui suit la rive gauche du torrent de Celse Nière. Après une longue montée en faux plat, le sentier remonte des lacets raides jusqu'à la jonction avec le sentier du refuge du Sélé (1993 m).
          </p>
          

          <ol>
            

            <li>
              Prendre à droite le sentier du refuge du Pelvoux qui serpente au milieu des éboulis et de petites barres rocheuses, puis se poursuit en lacets dans des pentes d'herbe et de rochers peu inclinées. Le refuge est invisible jusqu'à l'arrivée mais l'approche est signalée par des cairns (tas de pierres).
            </li>
            

            <li>
              Emprunter le même itinéraire en sens inverse pour le retour.
            </li>
            

          </ol>
          <br />
          Et ensuite vous êtes arrivés ! ;-)
          <br />
          Sympa ce petit tour, non ?
        </div>
      </div>
    </div>
  </div>,
  "debug": [Function],
  "findAllByAltText": [Function],
  "findAllByDisplayValue": [Function],
  "findAllByLabelText": [Function],
  "findAllByPlaceholderText": [Function],
  "findAllByRole": [Function],
  "findAllByTestId": [Function],
  "findAllByText": [Function],
  "findAllByTitle": [Function],
  "findByAltText": [Function],
  "findByDisplayValue": [Function],
  "findByLabelText": [Function],
  "findByPlaceholderText": [Function],
  "findByRole": [Function],
  "findByTestId": [Function],
  "findByText": [Function],
  "findByTitle": [Function],
  "getAllByAltText": [Function],
  "getAllByDisplayValue": [Function],
  "getAllByLabelText": [Function],
  "getAllByPlaceholderText": [Function],
  "getAllByRole": [Function],
  "getAllByTestId": [Function],
  "getAllByText": [Function],
  "getAllByTitle": [Function],
  "getByAltText": [Function],
  "getByDisplayValue": [Function],
  "getByLabelText": [Function],
  "getByPlaceholderText": [Function],
  "getByRole": [Function],
  "getByTestId": [Function],
  "getByText": [Function],
  "getByTitle": [Function],
  "queryAllByAltText": [Function],
  "queryAllByDisplayValue": [Function],
  "queryAllByLabelText": [Function],
  "queryAllByPlaceholderText": [Function],
  "queryAllByRole": [Function],
  "queryAllByTestId": [Function],
  "queryAllByText": [Function],
  "queryAllByTitle": [Function],
  "queryByAltText": [Function],
  "queryByDisplayValue": [Function],
  "queryByLabelText": [Function],
  "queryByPlaceholderText": [Function],
  "queryByRole": [Function],
  "queryByTestId": [Function],
  "queryByText": [Function],
  "queryByTitle": [Function],
  "rerender": [Function],
  "unmount": [Function],
}
`;
