// Jest Snapshot v1, https://goo.gl/fbAQLP

exports[`DetailsTrekFamilyCarousel should display a DetailsTrekFamilyCarousel 1`] = `
Object {
  "asFragment": [Function],
  "baseElement": <body>
    <div>
      <div
        class="slick-slider my-1.5 desktop:my-3 mx-7 desktop:mr-10 desktop:ml-8 slick-initialized"
        dir="ltr"
      >
        <div
          class="sc-dlfnuX sc-eCstlR iEzKbz fPgiUf slick-arrow slick-prev slick-disabled"
        />
        <div
          class="slick-list"
        >
          <div
            class="slick-track"
            style="opacity: 1; transform: translate3d(0px, 0px, 0px);"
          >
            <div
              aria-hidden="false"
              class="slick-slide slick-active slick-current"
              data-index="0"
              style="outline: none; width: 0px;"
              tabindex="-1"
            >
              <div>
                <div
                  class="outline-none align-middle py-1"
                  style="width: 100%; display: inline-block;"
                  tabindex="-1"
                >
                  <a
                    class="sc-bdfBQB btWAAI"
                    href="/trek/596-Boucle-de-malade?parentId=501"
                  >
                    <div
                      class="truncate px-2 desktop:px-4 py-2
              mx-2p desktop:mx-1.5
              text-P3 desktop:text-P1
              outline-none border border-solid rounded-full
              cursor-pointer hover:shadow-sm transition-all border-greySoft text-primary3 bg-white"
                    >
                      <span>
                        1. Boucle de malade
                      </span>
                    </div>
                  </a>
                </div>
              </div>
            </div>
            <div
              aria-hidden="false"
              class="slick-slide slick-active"
              data-index="1"
              style="outline: none; width: 0px;"
              tabindex="-1"
            >
              <div>
                <div
                  class="outline-none align-middle py-1"
                  style="width: 100%; display: inline-block;"
                  tabindex="-1"
                >
                  <a
                    class="sc-bdfBQB btWAAI"
                    href="/trek/604-Deuxieme-etape?parentId=501"
                  >
                    <div
                      class="truncate px-2 desktop:px-4 py-2
              mx-2p desktop:mx-1.5
              text-P3 desktop:text-P1
              outline-none border border-solid rounded-full
              cursor-pointer hover:shadow-sm transition-all border-primary1 text-white bg-primary1"
                    >
                      <span>
                        2. Deuxième étape
                      </span>
                    </div>
                  </a>
                </div>
              </div>
            </div>
            <div
              aria-hidden="false"
              class="slick-slide slick-active"
              data-index="2"
              style="outline: none; width: 0px;"
              tabindex="-1"
            >
              <div>
                <div
                  class="outline-none align-middle py-1"
                  style="width: 100%; display: inline-block;"
                  tabindex="-1"
                >
                  <a
                    class="sc-bdfBQB btWAAI"
                    href="/trek/2-Troisieme-etape?parentId=501"
                  >
                    <div
                      class="truncate px-2 desktop:px-4 py-2
              mx-2p desktop:mx-1.5
              text-P3 desktop:text-P1
              outline-none border border-solid rounded-full
              cursor-pointer hover:shadow-sm transition-all border-greySoft text-primary3 bg-white"
                    >
                      <span>
                        3. Troisième étape
                      </span>
                    </div>
                  </a>
                </div>
              </div>
            </div>
            <div
              aria-hidden="true"
              class="slick-slide"
              data-index="3"
              style="outline: none; width: 0px;"
              tabindex="-1"
            >
              <div>
                <div
                  class="outline-none align-middle py-1"
                  style="width: 100%; display: inline-block;"
                  tabindex="-1"
                >
                  <a
                    class="sc-bdfBQB btWAAI"
                    href="/trek/4-Quatrieme-etape?parentId=501"
                  >
                    <div
                      class="truncate px-2 desktop:px-4 py-2
              mx-2p desktop:mx-1.5
              text-P3 desktop:text-P1
              outline-none border border-solid rounded-full
              cursor-pointer hover:shadow-sm transition-all border-greySoft text-primary3 bg-white"
                    >
                      <span>
                        4. Quatrième étape
                      </span>
                    </div>
                  </a>
                </div>
              </div>
            </div>
            <div
              aria-hidden="true"
              class="slick-slide"
              data-index="4"
              style="outline: none; width: 0px;"
              tabindex="-1"
            >
              <div>
                <div
                  class="outline-none align-middle py-1"
                  style="width: 100%; display: inline-block;"
                  tabindex="-1"
                >
                  <a
                    class="sc-bdfBQB btWAAI"
                    href="/trek/5-Encore-une-etape?parentId=501"
                  >
                    <div
                      class="truncate px-2 desktop:px-4 py-2
              mx-2p desktop:mx-1.5
              text-P3 desktop:text-P1
              outline-none border border-solid rounded-full
              cursor-pointer hover:shadow-sm transition-all border-greySoft text-primary3 bg-white"
                    >
                      <span>
                        5. Encore une étape
                      </span>
                    </div>
                  </a>
                </div>
              </div>
            </div>
            <div
              aria-hidden="true"
              class="slick-slide"
              data-index="5"
              style="outline: none; width: 0px;"
              tabindex="-1"
            >
              <div>
                <div
                  class="outline-none align-middle py-1"
                  style="width: 100%; display: inline-block;"
                  tabindex="-1"
                >
                  <a
                    class="sc-bdfBQB btWAAI"
                    href="/trek/6-C-est-la-fin-!?parentId=501"
                  >
                    <div
                      class="truncate px-2 desktop:px-4 py-2
              mx-2p desktop:mx-1.5
              text-P3 desktop:text-P1
              outline-none border border-solid rounded-full
              cursor-pointer hover:shadow-sm transition-all border-greySoft text-primary3 bg-white"
                    >
                      <span>
                        6. C'est la fin !
                      </span>
                    </div>
                  </a>
                </div>
              </div>
            </div>
          </div>
        </div>
        <div
          class="sc-dlfnuX sc-hKgJUU iEzKbz fHRbop slick-arrow slick-next"
        />
      </div>
    </div>
  </body>,
  "container": <div>
    <div
      class="slick-slider my-1.5 desktop:my-3 mx-7 desktop:mr-10 desktop:ml-8 slick-initialized"
      dir="ltr"
    >
      <div
        class="sc-dlfnuX sc-eCstlR iEzKbz fPgiUf slick-arrow slick-prev slick-disabled"
      />
      <div
        class="slick-list"
      >
        <div
          class="slick-track"
          style="opacity: 1; transform: translate3d(0px, 0px, 0px);"
        >
          <div
            aria-hidden="false"
            class="slick-slide slick-active slick-current"
            data-index="0"
            style="outline: none; width: 0px;"
            tabindex="-1"
          >
            <div>
              <div
                class="outline-none align-middle py-1"
                style="width: 100%; display: inline-block;"
                tabindex="-1"
              >
                <a
                  class="sc-bdfBQB btWAAI"
                  href="/trek/596-Boucle-de-malade?parentId=501"
                >
                  <div
                    class="truncate px-2 desktop:px-4 py-2
              mx-2p desktop:mx-1.5
              text-P3 desktop:text-P1
              outline-none border border-solid rounded-full
              cursor-pointer hover:shadow-sm transition-all border-greySoft text-primary3 bg-white"
                  >
                    <span>
                      1. Boucle de malade
                    </span>
                  </div>
                </a>
              </div>
            </div>
          </div>
          <div
            aria-hidden="false"
            class="slick-slide slick-active"
            data-index="1"
            style="outline: none; width: 0px;"
            tabindex="-1"
          >
            <div>
              <div
                class="outline-none align-middle py-1"
                style="width: 100%; display: inline-block;"
                tabindex="-1"
              >
                <a
                  class="sc-bdfBQB btWAAI"
                  href="/trek/604-Deuxieme-etape?parentId=501"
                >
                  <div
                    class="truncate px-2 desktop:px-4 py-2
              mx-2p desktop:mx-1.5
              text-P3 desktop:text-P1
              outline-none border border-solid rounded-full
              cursor-pointer hover:shadow-sm transition-all border-primary1 text-white bg-primary1"
                  >
                    <span>
                      2. Deuxième étape
                    </span>
                  </div>
                </a>
              </div>
            </div>
          </div>
          <div
            aria-hidden="false"
            class="slick-slide slick-active"
            data-index="2"
            style="outline: none; width: 0px;"
            tabindex="-1"
          >
            <div>
              <div
                class="outline-none align-middle py-1"
                style="width: 100%; display: inline-block;"
                tabindex="-1"
              >
                <a
                  class="sc-bdfBQB btWAAI"
                  href="/trek/2-Troisieme-etape?parentId=501"
                >
                  <div
                    class="truncate px-2 desktop:px-4 py-2
              mx-2p desktop:mx-1.5
              text-P3 desktop:text-P1
              outline-none border border-solid rounded-full
              cursor-pointer hover:shadow-sm transition-all border-greySoft text-primary3 bg-white"
                  >
                    <span>
                      3. Troisième étape
                    </span>
                  </div>
                </a>
              </div>
            </div>
          </div>
          <div
            aria-hidden="true"
            class="slick-slide"
            data-index="3"
            style="outline: none; width: 0px;"
            tabindex="-1"
          >
            <div>
              <div
                class="outline-none align-middle py-1"
                style="width: 100%; display: inline-block;"
                tabindex="-1"
              >
                <a
                  class="sc-bdfBQB btWAAI"
                  href="/trek/4-Quatrieme-etape?parentId=501"
                >
                  <div
                    class="truncate px-2 desktop:px-4 py-2
              mx-2p desktop:mx-1.5
              text-P3 desktop:text-P1
              outline-none border border-solid rounded-full
              cursor-pointer hover:shadow-sm transition-all border-greySoft text-primary3 bg-white"
                  >
                    <span>
                      4. Quatrième étape
                    </span>
                  </div>
                </a>
              </div>
            </div>
          </div>
          <div
            aria-hidden="true"
            class="slick-slide"
            data-index="4"
            style="outline: none; width: 0px;"
            tabindex="-1"
          >
            <div>
              <div
                class="outline-none align-middle py-1"
                style="width: 100%; display: inline-block;"
                tabindex="-1"
              >
                <a
                  class="sc-bdfBQB btWAAI"
                  href="/trek/5-Encore-une-etape?parentId=501"
                >
                  <div
                    class="truncate px-2 desktop:px-4 py-2
              mx-2p desktop:mx-1.5
              text-P3 desktop:text-P1
              outline-none border border-solid rounded-full
              cursor-pointer hover:shadow-sm transition-all border-greySoft text-primary3 bg-white"
                  >
                    <span>
                      5. Encore une étape
                    </span>
                  </div>
                </a>
              </div>
            </div>
          </div>
          <div
            aria-hidden="true"
            class="slick-slide"
            data-index="5"
            style="outline: none; width: 0px;"
            tabindex="-1"
          >
            <div>
              <div
                class="outline-none align-middle py-1"
                style="width: 100%; display: inline-block;"
                tabindex="-1"
              >
                <a
                  class="sc-bdfBQB btWAAI"
                  href="/trek/6-C-est-la-fin-!?parentId=501"
                >
                  <div
                    class="truncate px-2 desktop:px-4 py-2
              mx-2p desktop:mx-1.5
              text-P3 desktop:text-P1
              outline-none border border-solid rounded-full
              cursor-pointer hover:shadow-sm transition-all border-greySoft text-primary3 bg-white"
                  >
                    <span>
                      6. C'est la fin !
                    </span>
                  </div>
                </a>
              </div>
            </div>
          </div>
        </div>
      </div>
      <div
        class="sc-dlfnuX sc-hKgJUU iEzKbz fHRbop slick-arrow slick-next"
      />
    </div>
  </div>,
  "debug": [Function],
  "findAllByAltText": [Function],
  "findAllByDisplayValue": [Function],
  "findAllByLabelText": [Function],
  "findAllByPlaceholderText": [Function],
  "findAllByRole": [Function],
  "findAllByTestId": [Function],
  "findAllByText": [Function],
  "findAllByTitle": [Function],
  "findByAltText": [Function],
  "findByDisplayValue": [Function],
  "findByLabelText": [Function],
  "findByPlaceholderText": [Function],
  "findByRole": [Function],
  "findByTestId": [Function],
  "findByText": [Function],
  "findByTitle": [Function],
  "getAllByAltText": [Function],
  "getAllByDisplayValue": [Function],
  "getAllByLabelText": [Function],
  "getAllByPlaceholderText": [Function],
  "getAllByRole": [Function],
  "getAllByTestId": [Function],
  "getAllByText": [Function],
  "getAllByTitle": [Function],
  "getByAltText": [Function],
  "getByDisplayValue": [Function],
  "getByLabelText": [Function],
  "getByPlaceholderText": [Function],
  "getByRole": [Function],
  "getByTestId": [Function],
  "getByText": [Function],
  "getByTitle": [Function],
  "queryAllByAltText": [Function],
  "queryAllByDisplayValue": [Function],
  "queryAllByLabelText": [Function],
  "queryAllByPlaceholderText": [Function],
  "queryAllByRole": [Function],
  "queryAllByTestId": [Function],
  "queryAllByText": [Function],
  "queryAllByTitle": [Function],
  "queryByAltText": [Function],
  "queryByDisplayValue": [Function],
  "queryByLabelText": [Function],
  "queryByPlaceholderText": [Function],
  "queryByRole": [Function],
  "queryByTestId": [Function],
  "queryByText": [Function],
  "queryByTitle": [Function],
  "rerender": [Function],
  "unmount": [Function],
}
`;
