// Jest Snapshot v1, https://goo.gl/fbAQLP

exports[`DetailsCoverCarousel should display a DetailsCoverCarousel 1`] = `
Object {
  "asFragment": [Function],
  "baseElement": <body>
    <div>
      <div
        class="slick-slider sc-bcXHqe joHfNd relative h-coverDetailsMobile desktop:h-coverDetailsDesktop slick-initialized"
        dir="ltr"
      >
        <button
          class="sc-gswNZR sc-hLBbgP sc-iBYQkv dQACwy iXwfzt cBrSnO slick-arrow slick-prev"
          type="button"
        />
        <div
          class="slick-list"
        >
          <div
            class="slick-track"
            style="opacity: 1; transform: translate3d(0px, 0px, 0px);"
          >
            <div
              aria-hidden="true"
              class="slick-slide slick-cloned"
              data-index="-1"
              style="width: 0px;"
              tabindex="-1"
            />
            <div
              aria-hidden="false"
              class="slick-slide slick-active slick-current"
              data-index="0"
              style="outline: none; width: 0px;"
              tabindex="-1"
            >
              <div>
                <figure
                  aria-labelledby=":r0:"
                  class="relative h-full "
                  id="details_cover_image"
                  role="figure"
                >
                  <img
                    alt="Lac"
                    class="object-center overflow-hidden size-full object-cover"
                    id=":r1:"
                    loading="lazy"
                    src="https://geotrekdemo.ecrins-parcnational.fr/media/paperclip/trekking_trek/2/lac_de_leychauda_parc_national_des_ecrins.jpg"
                  />
                  <figcaption
                    id=":r0:"
                  >
                    <span
                      class="w-full h-12 desktop:h-40
  absolute top-0 flex items-start justify-center
  pb-1 pt-3 px-2
  bg-gradient-to-b from-blackSemiTransparent to-transparent
  text-white text-opacity-90 text-Mobile-C3 desktop:text-P2"
                    >
                      <span
                        class="mx-10percent px-10percent truncate"
                      >
                        Lac - admin
                      </span>
                    </span>
                  </figcaption>
                </figure>
              </div>
            </div>
            <div
              aria-hidden="true"
              class="slick-slide"
              data-index="1"
              style="outline: none; width: 0px;"
              tabindex="-1"
            />
            <div
              aria-hidden="true"
              class="slick-slide"
              data-index="2"
              style="outline: none; width: 0px;"
              tabindex="-1"
            />
            <div
              aria-hidden="true"
              class="slick-slide slick-cloned"
              data-index="3"
              style="width: 0px;"
              tabindex="-1"
            >
              <div>
                <figure
                  aria-labelledby=":r2:"
                  class="relative h-full "
                  id="details_cover_image"
                  role="figure"
                >
                  <img
                    alt="Lac"
                    class="object-center overflow-hidden size-full object-cover"
                    id=":r3:"
                    loading="lazy"
                    src="https://geotrekdemo.ecrins-parcnational.fr/media/paperclip/trekking_trek/2/lac_de_leychauda_parc_national_des_ecrins.jpg"
                  />
                  <figcaption
                    id=":r2:"
                  >
                    <span
                      class="w-full h-12 desktop:h-40
  absolute top-0 flex items-start justify-center
  pb-1 pt-3 px-2
  bg-gradient-to-b from-blackSemiTransparent to-transparent
  text-white text-opacity-90 text-Mobile-C3 desktop:text-P2"
                    >
                      <span
                        class="mx-10percent px-10percent truncate"
                      >
                        Lac - admin
                      </span>
                    </span>
                  </figcaption>
                </figure>
              </div>
            </div>
            <div
              aria-hidden="true"
              class="slick-slide slick-cloned"
              data-index="4"
              style="width: 0px;"
              tabindex="-1"
            />
            <div
              aria-hidden="true"
              class="slick-slide slick-cloned"
              data-index="5"
              style="width: 0px;"
              tabindex="-1"
            />
          </div>
        </div>
        <button
          class="sc-gswNZR sc-hLBbgP sc-gKPRtg dQACwy iXwfzt bMoIHG slick-arrow slick-next"
          type="button"
        />
        <div
          class="sc-ftTHYK ktEDNK slick-dots"
        >
          <ul>
            <li
              class="slick-active"
            >
              <button>
                1
              </button>
            </li>
            <li
              class=""
            >
              <button>
                2
              </button>
            </li>
            <li
              class=""
            >
              <button>
                3
              </button>
            </li>
          </ul>
        </div>
      </div>
    </div>
  </body>,
  "container": <div>
    <div
      class="slick-slider sc-bcXHqe joHfNd relative h-coverDetailsMobile desktop:h-coverDetailsDesktop slick-initialized"
      dir="ltr"
    >
      <button
        class="sc-gswNZR sc-hLBbgP sc-iBYQkv dQACwy iXwfzt cBrSnO slick-arrow slick-prev"
        type="button"
      />
      <div
        class="slick-list"
      >
        <div
          class="slick-track"
          style="opacity: 1; transform: translate3d(0px, 0px, 0px);"
        >
          <div
            aria-hidden="true"
            class="slick-slide slick-cloned"
            data-index="-1"
            style="width: 0px;"
            tabindex="-1"
          />
          <div
            aria-hidden="false"
            class="slick-slide slick-active slick-current"
            data-index="0"
            style="outline: none; width: 0px;"
            tabindex="-1"
          >
            <div>
              <figure
                aria-labelledby=":r0:"
                class="relative h-full "
                id="details_cover_image"
                role="figure"
              >
                <img
                  alt="Lac"
                  class="object-center overflow-hidden size-full object-cover"
                  id=":r1:"
                  loading="lazy"
                  src="https://geotrekdemo.ecrins-parcnational.fr/media/paperclip/trekking_trek/2/lac_de_leychauda_parc_national_des_ecrins.jpg"
                />
                <figcaption
                  id=":r0:"
                >
                  <span
                    class="w-full h-12 desktop:h-40
  absolute top-0 flex items-start justify-center
  pb-1 pt-3 px-2
  bg-gradient-to-b from-blackSemiTransparent to-transparent
  text-white text-opacity-90 text-Mobile-C3 desktop:text-P2"
                  >
                    <span
                      class="mx-10percent px-10percent truncate"
                    >
                      Lac - admin
                    </span>
                  </span>
                </figcaption>
              </figure>
            </div>
          </div>
          <div
            aria-hidden="true"
            class="slick-slide"
            data-index="1"
            style="outline: none; width: 0px;"
            tabindex="-1"
          />
          <div
            aria-hidden="true"
            class="slick-slide"
            data-index="2"
            style="outline: none; width: 0px;"
            tabindex="-1"
          />
          <div
            aria-hidden="true"
            class="slick-slide slick-cloned"
            data-index="3"
            style="width: 0px;"
            tabindex="-1"
          >
            <div>
              <figure
                aria-labelledby=":r2:"
                class="relative h-full "
                id="details_cover_image"
                role="figure"
              >
                <img
                  alt="Lac"
                  class="object-center overflow-hidden size-full object-cover"
                  id=":r3:"
                  loading="lazy"
                  src="https://geotrekdemo.ecrins-parcnational.fr/media/paperclip/trekking_trek/2/lac_de_leychauda_parc_national_des_ecrins.jpg"
                />
                <figcaption
                  id=":r2:"
                >
                  <span
                    class="w-full h-12 desktop:h-40
  absolute top-0 flex items-start justify-center
  pb-1 pt-3 px-2
  bg-gradient-to-b from-blackSemiTransparent to-transparent
  text-white text-opacity-90 text-Mobile-C3 desktop:text-P2"
                  >
                    <span
                      class="mx-10percent px-10percent truncate"
                    >
                      Lac - admin
                    </span>
                  </span>
                </figcaption>
              </figure>
            </div>
          </div>
          <div
            aria-hidden="true"
            class="slick-slide slick-cloned"
            data-index="4"
            style="width: 0px;"
            tabindex="-1"
          />
          <div
            aria-hidden="true"
            class="slick-slide slick-cloned"
            data-index="5"
            style="width: 0px;"
            tabindex="-1"
          />
        </div>
      </div>
      <button
        class="sc-gswNZR sc-hLBbgP sc-gKPRtg dQACwy iXwfzt bMoIHG slick-arrow slick-next"
        type="button"
      />
      <div
        class="sc-ftTHYK ktEDNK slick-dots"
      >
        <ul>
          <li
            class="slick-active"
          >
            <button>
              1
            </button>
          </li>
          <li
            class=""
          >
            <button>
              2
            </button>
          </li>
          <li
            class=""
          >
            <button>
              3
            </button>
          </li>
        </ul>
      </div>
    </div>
  </div>,
  "debug": [Function],
  "findAllByAltText": [Function],
  "findAllByDisplayValue": [Function],
  "findAllByLabelText": [Function],
  "findAllByPlaceholderText": [Function],
  "findAllByRole": [Function],
  "findAllByTestId": [Function],
  "findAllByText": [Function],
  "findAllByTitle": [Function],
  "findByAltText": [Function],
  "findByDisplayValue": [Function],
  "findByLabelText": [Function],
  "findByPlaceholderText": [Function],
  "findByRole": [Function],
  "findByTestId": [Function],
  "findByText": [Function],
  "findByTitle": [Function],
  "getAllByAltText": [Function],
  "getAllByDisplayValue": [Function],
  "getAllByLabelText": [Function],
  "getAllByPlaceholderText": [Function],
  "getAllByRole": [Function],
  "getAllByTestId": [Function],
  "getAllByText": [Function],
  "getAllByTitle": [Function],
  "getByAltText": [Function],
  "getByDisplayValue": [Function],
  "getByLabelText": [Function],
  "getByPlaceholderText": [Function],
  "getByRole": [Function],
  "getByTestId": [Function],
  "getByText": [Function],
  "getByTitle": [Function],
  "queryAllByAltText": [Function],
  "queryAllByDisplayValue": [Function],
  "queryAllByLabelText": [Function],
  "queryAllByPlaceholderText": [Function],
  "queryAllByRole": [Function],
  "queryAllByTestId": [Function],
  "queryAllByText": [Function],
  "queryAllByTitle": [Function],
  "queryByAltText": [Function],
  "queryByDisplayValue": [Function],
  "queryByLabelText": [Function],
  "queryByPlaceholderText": [Function],
  "queryByRole": [Function],
  "queryByTestId": [Function],
  "queryByText": [Function],
  "queryByTitle": [Function],
  "rerender": [Function],
  "unmount": [Function],
}
`;
