// Jest Snapshot v1, https://goo.gl/fbAQLP

exports[`AAU, I can see a ResultCard 1`] = `
Object {
  "asFragment": [Function],
  "baseElement": <body>
    <div>
      <div
        class="ResultCard__Container-cct1km-0 bhOJjL"
      >
        <div
          class="ResultCard__ImageContainer-cct1km-1 hBcqhI"
        >
          <div
            class="ActivityBadge__Container-sc-11f422r-0 hQCoJE ResultCard__ActivityBadge-cct1km-11 eYtRJc"
          >
            <svg
              fill="none"
              height="21"
              viewBox="0 0 24 25"
              width="21"
              xmlns="http://www.w3.org/2000/svg"
            >
              <path
                d="M18.102 10.819l-2.777-1.554-2.292-3.643c-.374-.476-.96-.815-1.606-.815-.51 0-.934.229-1.273.535L6.689 8.908c-.136.102-.196.263-.23.433l-.433 3.898c-.033.068-.025.094-.025.128.034.475.416.874.892.84.441 0 .772-.373.84-.815l.357-3.337 1.197-1.223-1.07 9.375-2.012 4.433c-.068.17-.136.382-.102.586 0 .713.62 1.274 1.3 1.274.509 0 .908-.323 1.146-.764l2.14-4.79c.034-.102.203-.425.203-.56l.255-2.319 2.217 7.516c.17.543.67.917 1.248.917.713-.034 1.282-.637 1.248-1.35 0-.102-.025-.153-.025-.255L12.752 12.45l.408-3.389.866 1.376a.728.728 0 00.23.23l3.031 1.68a.904.904 0 00.408.103.894.894 0 00.84-.918.954.954 0 00-.433-.713zm-6.445-6.42c1.053-.034 1.893-.926 1.86-2.013-.034-1.053-.918-1.919-1.937-1.885a1.937 1.937 0 00-1.86 1.987c.034 1.087.918 1.91 1.937 1.91z"
                fill="currentColor"
              />
            </svg>
          </div>
        </div>
        <div
          class="ResultCard__DetailsContainer-cct1km-2 hAMaUS"
        >
          <div
            class="ResultCard__DetailsLayout-cct1km-3 bPbkur"
          >
            <span
              class="ResultCard__Place-cct1km-5 cDmQiy"
            >
              Saint-Etienne-du-Valdonnez
            </span>
            <span
              class="ResultCard__Title-cct1km-6 VgvlK"
            >
              Balade au pays des menhirs
            </span>
            <div
              class="ResultCard__TagContainer-cct1km-7 dBMGrR"
            >
              <div
                class="ResultCard__TagLayout-cct1km-8 byiiky"
              >
                <div
                  class="Chip__ChipContainer-sc-1wajafu-0 gHWJWu"
                >
                  <span>
                    En famille
                  </span>
                </div>
                <div
                  class="Chip__ChipContainer-sc-1wajafu-0 gHWJWu"
                >
                  <span>
                    Ciel étoilé
                  </span>
                </div>
                <div
                  class="Chip__ChipContainer-sc-1wajafu-0 gHWJWu"
                >
                  <span>
                    Beau paysage
                  </span>
                </div>
              </div>
            </div>
            <div
              class="ResultCard__InformationContainer-cct1km-9 gVihWQ"
            >
              <div
                class="ResultCard__InformationLayout-cct1km-10 inATfC"
              >
                <div
                  class="Information__Container-sc-1mw7hhq-0 kcyBZH"
                >
                  <svg
                    fill="none"
                    height="24"
                    viewBox="0 0 24 24"
                    width="24"
                    xmlns="http://www.w3.org/2000/svg"
                  >
                    <path
                      clip-rule="evenodd"
                      d="M12 22c5.523 0 10-4.477 10-10S17.523 2 12 2 2 6.477 2 12s4.477 10 10 10z"
                      stroke="currentColor"
                      stroke-linecap="round"
                      stroke-linejoin="round"
                      stroke-width="2"
                    />
                    <path
                      d="M12 6v6l4 2"
                      stroke="currentColor"
                      stroke-linecap="round"
                      stroke-linejoin="round"
                      stroke-width="2"
                    />
                  </svg>
                  <span
                    class="Information__InformationText-sc-1mw7hhq-1 kpVHAN"
                  >
                    2h
                  </span>
                </div>
                <div
                  class="Information__Container-sc-1mw7hhq-0 kcyBZH"
                >
                  <svg
                    fill="none"
                    height="24"
                    viewBox="0 0 24 25"
                    width="24"
                    xmlns="http://www.w3.org/2000/svg"
                  >
                    <path
                      d="M16 18l6-6-6-6M8 6l-6 6 6 6"
                      stroke="currentColor"
                      stroke-linecap="round"
                      stroke-linejoin="round"
                      stroke-width="2"
                    />
                  </svg>
                  <span
                    class="Information__InformationText-sc-1mw7hhq-1 kpVHAN"
                  >
                    5km
                  </span>
                </div>
                <div
                  class="Information__Container-sc-1mw7hhq-0 kcyBZH"
                >
                  <svg
                    fill="none"
                    height="24"
                    viewBox="0 0 24 25"
                    width="24"
                    xmlns="http://www.w3.org/2000/svg"
                  >
                    <path
                      d="M23 6l-9.5 9.5-5-5L1 18"
                      stroke="currentColor"
                      stroke-linecap="round"
                      stroke-linejoin="round"
                      stroke-width="2"
                    />
                    <path
                      d="M17 6h6v6"
                      stroke="currentColor"
                      stroke-linecap="round"
                      stroke-linejoin="round"
                      stroke-width="2"
                    />
                  </svg>
                  <span
                    class="Information__InformationText-sc-1mw7hhq-1 kpVHAN"
                  >
                    +360m
                  </span>
                </div>
                <div
                  class="Information__Container-sc-1mw7hhq-0 kcyBZH ResultCard__DifficultyInformation-cct1km-12 kUjqTK"
                >
                  <svg
                    fill="none"
                    height="24"
                    viewBox="0 0 24 25"
                    width="24"
                    xmlns="http://www.w3.org/2000/svg"
                  >
                    <path
                      d="M23.52 19.68a3.851 3.851 0 01-3.84 3.84H4.32a3.851 3.851 0 01-3.84-3.84V4.32A3.851 3.851 0 014.32.48h15.36a3.851 3.851 0 013.84 3.84v15.36z"
                      fill="currentColor"
                    />
                  </svg>
                  <span
                    class="Information__InformationText-sc-1mw7hhq-1 kpVHAN"
                  />
                </div>
              </div>
            </div>
          </div>
          <div
            class="ResultCard__BookingButtonContainer-cct1km-4 eRpIfc"
          >
            <button
              class="Button-sc-1n2k9lu-0 irBQYP"
            >
              results.book
            </button>
          </div>
        </div>
      </div>
    </div>
  </body>,
  "container": <div>
    <div
      class="ResultCard__Container-cct1km-0 bhOJjL"
    >
      <div
        class="ResultCard__ImageContainer-cct1km-1 hBcqhI"
      >
        <div
          class="ActivityBadge__Container-sc-11f422r-0 hQCoJE ResultCard__ActivityBadge-cct1km-11 eYtRJc"
        >
          <svg
            fill="none"
            height="21"
            viewBox="0 0 24 25"
            width="21"
            xmlns="http://www.w3.org/2000/svg"
          >
            <path
              d="M18.102 10.819l-2.777-1.554-2.292-3.643c-.374-.476-.96-.815-1.606-.815-.51 0-.934.229-1.273.535L6.689 8.908c-.136.102-.196.263-.23.433l-.433 3.898c-.033.068-.025.094-.025.128.034.475.416.874.892.84.441 0 .772-.373.84-.815l.357-3.337 1.197-1.223-1.07 9.375-2.012 4.433c-.068.17-.136.382-.102.586 0 .713.62 1.274 1.3 1.274.509 0 .908-.323 1.146-.764l2.14-4.79c.034-.102.203-.425.203-.56l.255-2.319 2.217 7.516c.17.543.67.917 1.248.917.713-.034 1.282-.637 1.248-1.35 0-.102-.025-.153-.025-.255L12.752 12.45l.408-3.389.866 1.376a.728.728 0 00.23.23l3.031 1.68a.904.904 0 00.408.103.894.894 0 00.84-.918.954.954 0 00-.433-.713zm-6.445-6.42c1.053-.034 1.893-.926 1.86-2.013-.034-1.053-.918-1.919-1.937-1.885a1.937 1.937 0 00-1.86 1.987c.034 1.087.918 1.91 1.937 1.91z"
              fill="currentColor"
            />
          </svg>
        </div>
      </div>
      <div
        class="ResultCard__DetailsContainer-cct1km-2 hAMaUS"
      >
        <div
          class="ResultCard__DetailsLayout-cct1km-3 bPbkur"
        >
          <span
            class="ResultCard__Place-cct1km-5 cDmQiy"
          >
            Saint-Etienne-du-Valdonnez
          </span>
          <span
            class="ResultCard__Title-cct1km-6 VgvlK"
          >
            Balade au pays des menhirs
          </span>
          <div
            class="ResultCard__TagContainer-cct1km-7 dBMGrR"
          >
            <div
              class="ResultCard__TagLayout-cct1km-8 byiiky"
            >
              <div
                class="Chip__ChipContainer-sc-1wajafu-0 gHWJWu"
              >
                <span>
                  En famille
                </span>
              </div>
              <div
                class="Chip__ChipContainer-sc-1wajafu-0 gHWJWu"
              >
                <span>
                  Ciel étoilé
                </span>
              </div>
              <div
                class="Chip__ChipContainer-sc-1wajafu-0 gHWJWu"
              >
                <span>
                  Beau paysage
                </span>
              </div>
            </div>
          </div>
          <div
            class="ResultCard__InformationContainer-cct1km-9 gVihWQ"
          >
            <div
              class="ResultCard__InformationLayout-cct1km-10 inATfC"
            >
              <div
                class="Information__Container-sc-1mw7hhq-0 kcyBZH"
              >
                <svg
                  fill="none"
                  height="24"
                  viewBox="0 0 24 24"
                  width="24"
                  xmlns="http://www.w3.org/2000/svg"
                >
                  <path
                    clip-rule="evenodd"
                    d="M12 22c5.523 0 10-4.477 10-10S17.523 2 12 2 2 6.477 2 12s4.477 10 10 10z"
                    stroke="currentColor"
                    stroke-linecap="round"
                    stroke-linejoin="round"
                    stroke-width="2"
                  />
                  <path
                    d="M12 6v6l4 2"
                    stroke="currentColor"
                    stroke-linecap="round"
                    stroke-linejoin="round"
                    stroke-width="2"
                  />
                </svg>
                <span
                  class="Information__InformationText-sc-1mw7hhq-1 kpVHAN"
                >
                  2h
                </span>
              </div>
              <div
                class="Information__Container-sc-1mw7hhq-0 kcyBZH"
              >
                <svg
                  fill="none"
                  height="24"
                  viewBox="0 0 24 25"
                  width="24"
                  xmlns="http://www.w3.org/2000/svg"
                >
                  <path
                    d="M16 18l6-6-6-6M8 6l-6 6 6 6"
                    stroke="currentColor"
                    stroke-linecap="round"
                    stroke-linejoin="round"
                    stroke-width="2"
                  />
                </svg>
                <span
                  class="Information__InformationText-sc-1mw7hhq-1 kpVHAN"
                >
                  5km
                </span>
              </div>
              <div
                class="Information__Container-sc-1mw7hhq-0 kcyBZH"
              >
                <svg
                  fill="none"
                  height="24"
                  viewBox="0 0 24 25"
                  width="24"
                  xmlns="http://www.w3.org/2000/svg"
                >
                  <path
                    d="M23 6l-9.5 9.5-5-5L1 18"
                    stroke="currentColor"
                    stroke-linecap="round"
                    stroke-linejoin="round"
                    stroke-width="2"
                  />
                  <path
                    d="M17 6h6v6"
                    stroke="currentColor"
                    stroke-linecap="round"
                    stroke-linejoin="round"
                    stroke-width="2"
                  />
                </svg>
                <span
                  class="Information__InformationText-sc-1mw7hhq-1 kpVHAN"
                >
                  +360m
                </span>
              </div>
              <div
                class="Information__Container-sc-1mw7hhq-0 kcyBZH ResultCard__DifficultyInformation-cct1km-12 kUjqTK"
              >
                <svg
                  fill="none"
                  height="24"
                  viewBox="0 0 24 25"
                  width="24"
                  xmlns="http://www.w3.org/2000/svg"
                >
                  <path
                    d="M23.52 19.68a3.851 3.851 0 01-3.84 3.84H4.32a3.851 3.851 0 01-3.84-3.84V4.32A3.851 3.851 0 014.32.48h15.36a3.851 3.851 0 013.84 3.84v15.36z"
                    fill="currentColor"
                  />
                </svg>
                <span
                  class="Information__InformationText-sc-1mw7hhq-1 kpVHAN"
                />
              </div>
            </div>
          </div>
        </div>
        <div
          class="ResultCard__BookingButtonContainer-cct1km-4 eRpIfc"
        >
          <button
            class="Button-sc-1n2k9lu-0 irBQYP"
          >
            results.book
          </button>
        </div>
      </div>
    </div>
  </div>,
  "debug": [Function],
  "findAllByAltText": [Function],
  "findAllByDisplayValue": [Function],
  "findAllByLabelText": [Function],
  "findAllByPlaceholderText": [Function],
  "findAllByRole": [Function],
  "findAllByTestId": [Function],
  "findAllByText": [Function],
  "findAllByTitle": [Function],
  "findByAltText": [Function],
  "findByDisplayValue": [Function],
  "findByLabelText": [Function],
  "findByPlaceholderText": [Function],
  "findByRole": [Function],
  "findByTestId": [Function],
  "findByText": [Function],
  "findByTitle": [Function],
  "getAllByAltText": [Function],
  "getAllByDisplayValue": [Function],
  "getAllByLabelText": [Function],
  "getAllByPlaceholderText": [Function],
  "getAllByRole": [Function],
  "getAllByTestId": [Function],
  "getAllByText": [Function],
  "getAllByTitle": [Function],
  "getByAltText": [Function],
  "getByDisplayValue": [Function],
  "getByLabelText": [Function],
  "getByPlaceholderText": [Function],
  "getByRole": [Function],
  "getByTestId": [Function],
  "getByText": [Function],
  "getByTitle": [Function],
  "queryAllByAltText": [Function],
  "queryAllByDisplayValue": [Function],
  "queryAllByLabelText": [Function],
  "queryAllByPlaceholderText": [Function],
  "queryAllByRole": [Function],
  "queryAllByTestId": [Function],
  "queryAllByText": [Function],
  "queryAllByTitle": [Function],
  "queryByAltText": [Function],
  "queryByDisplayValue": [Function],
  "queryByLabelText": [Function],
  "queryByPlaceholderText": [Function],
  "queryByRole": [Function],
  "queryByTestId": [Function],
  "queryByText": [Function],
  "queryByTitle": [Function],
  "rerender": [Function],
  "unmount": [Function],
}
`;
